[frosted]: loaded index.js
scramjet.all.js?v=6:3216 [frosted] config loaded
9
The FetchEvent for "<URL>" resulted in a network error response: the promise was rejected.
sw.js?v=6:322 
 Uncaught (in promise) TypeError: Failed to fetch
    at handleRequest (sw.js?v=6:322:9)
    at sw.js?v=6:326:20
index.mjs?v=3:110 bare-mux: Failed to get a ping response from the worker within 1.5s. Assuming port is dead.
winter.mp4:1 
 GET https://raw.githubusercontent.com/mrdavidzs/assets/main/wallpapers/animated/winter.mp4 net::ERR_FAILED
index.mjs?v=3:110 bare-mux: Failed to get a ping response from the worker within 1.5s. Assuming port is dead.
raw.githubuserconten…nimated/supra.mp4:1 
 GET https://raw.githubusercontent.com/mrdavidzs/assets/main/wallpapers/animated/supra.mp4 net::ERR_FAILED
sw.js?v=6:322 
 Uncaught (in promise) TypeError: Failed to fetch
    at handleRequest (sw.js?v=6:322:9)
    at sw.js?v=6:326:20
sw.js?v=6:322 
 Uncaught (in promise) TypeError: Failed to fetch
    at handleRequest (sw.js?v=6:322:9)
    at sw.js?v=6:326:20
sw.js?v=6:322 
 Uncaught (in promise) TypeError: Failed to fetch
    at handleRequest (sw.js?v=6:322:9)
    at sw.js?v=6:326:20
sw.js?v=6:322 
 Uncaught (in promise) TypeError: Failed to fetch
    at handleRequest (sw.js?v=6:322:9)
    at sw.js?v=6:326:20
sw.js?v=6:322 
 Uncaught (in promise) TypeError: Failed to fetch
    at handleRequest (sw.js?v=6:322:9)
    at sw.js?v=6:326:20
sw.js?v=6:322 
 Uncaught (in promise) TypeError: Failed to fetch
    at handleRequest (sw.js?v=6:322:9)
    at sw.js?v=6:326:20
sw.js?v=6:322 
 Uncaught (in promise) TypeError: Failed to fetch
    at handleRequest (sw.js?v=6:322:9)
    at sw.js?v=6:326:20
sw.js?v=6:322 
 Uncaught (in promise) TypeError: Failed to fetch
    at handleRequest (sw.js?v=6:322:9)
    at sw.js?v=6:326:20
index.mjs?v=3:110 bare-mux: Failed to get a ping response from the worker within 1.5s. Assuming port is dead.
index.mjs?v=3:110 bare-mux: Failed to get a ping response from the worker within 1.5s. Assuming port is dead.
index.mjs?v=3:110 bare-mux: Failed to get a ping response from the worker within 1.5s. Assuming port is dead.
index.mjs?v=3:110 bare-mux: Failed to get a ping response from the worker within 1.5s. Assuming port is dead.
index.mjs?v=3:110 bare-mux: Failed to get a ping response from the worker within 1.5s. Assuming port is dead.
index.mjs?v=3:110 bare-mux: Failed to get a ping response from the worker within 1.5s. Assuming port is dead.
index.mjs?v=3:110 bare-mux: Failed to get a ping response from the worker within 1.5s. Assuming port is dead.
index.mjs?v=3:110 bare-mux: Failed to get a ping response from the worker within 1.5s. Assuming port is dead.
index.mjs?v=3:110 bare-mux: Failed to get a ping response from the worker within 1.5s. Assuming port is dead.
index.mjs?v=3:110 bare-mux: Failed to get a ping response from the worker within 1.5s. Assuming port is dead.
index.mjs?v=3:110 bare-mux: Failed to get a ping response from the worker within 1.5s. Assuming port is dead.
index.mjs?v=3:110 bare-mux: Failed to get a ping response from the worker within 1.5s. Assuming port is dead.
index.mjs?v=3:110 bare-mux: Failed to get a ping response from the worker within 1.5s. Assuming port is dead.
index.mjs?v=3:110 bare-mux: Failed to get a ping response from the worker within 1.5s. Assuming port is dead.
index.mjs?v=3:110 bare-mux: Failed to get a ping response from the worker within 1.5s. Assuming port is dead.
index.mjs?v=3:110 bare-mux: Failed to get a ping response from the worker within 1.5s. Assuming port is dead.
index.mjs?v=3:110 bare-mux: Failed to get a ping response from the worker within 1.5s. Assuming port is dead.
index.mjs?v=3:110 bare-mux: Failed to get a ping response from the worker within 1.5s. Assuming port is dead.
index.mjs?v=3:110 bare-mux: Failed to get a ping response from the worker within 1.5s. Assuming port is dead.
index.mjs?v=3:110 bare-mux: Failed to get a ping response from the worker within 1.5s. Assuming port is dead.
index.mjs?v=3:110 bare-mux: Failed to get a ping response from the worker within 1.5s. Assuming port is dead.
index.mjs?v=3:110 bare-mux: Failed to get a ping response from the worker within 1.5s. Assuming port is dead.
index.mjs?v=3:110 bare-mux: Failed to get a ping response from the worker within 1.5s. Assuming port is dead.
index.mjs?v=3:110 bare-mux: Failed to get a ping response from the worker within 1.5s. Assuming port is dead.
index.mjs?v=3:110 bare-mux: Failed to get a ping response from the worker within 1.5s. Assuming port is dead.
index.mjs?v=3:110 bare-mux: Failed to get a ping response from the worker within 1.5s. Assuming port is dead.
index.mjs?v=3:110 bare-mux: Failed to get a ping response from the worker within 1.5s. Assuming port is dead.
index.mjs?v=3:110 bare-mux: Failed to get a ping response from the worker within 1.5s. Assuming port is dead.
index.mjs?v=3:110 bare-mux: Failed to get a ping response from the worker within 1.5s. Assuming port is dead.
index.mjs?v=3:110 bare-mux: Failed to get a ping response from the worker within 1.5s. Assuming port is dead.
index.mjs?v=3:110 bare-mux: Failed to get a ping response from the worker within 1.5s. Assuming port is dead.
index.mjs?v=3:110 bare-mux: Failed to get a ping response from the worker within 1.5s. Assuming port is dead.
index.mjs?v=3:110 bare-mux: Failed to get a ping response from the worker within 1.5s. Assuming port is dead.
index.mjs?v=3:110 bare-mux: Failed to get a ping response from the worker within 1.5s. Assuming port is dead.
index.mjs?v=3:110 bare-mux: Failed to get a ping response from the worker within 1.5s. Assuming port is dead.
index.mjs?v=3:110 bare-mux: Failed to get a ping response from the worker within 1.5s. Assuming port is dead.
index.mjs?v=3:110 bare-mux: Failed to get a ping response from the worker within 1.5s. Assuming port is dead.
index.mjs?v=3:110 bare-mux: Failed to get a ping response from the worker within 1.5s. Assuming port is dead.
index.mjs?v=3:110 bare-mux: Failed to get a ping response from the worker within 1.5s. Assuming port is dead.
index.mjs?v=3:110 bare-mux: Failed to get a ping response from the worker within 1.5s. Assuming port is dead.
index.mjs?v=3:110 bare-mux: Failed to get a ping response from the worker within 1.5s. Assuming port is dead.
index.mjs?v=3:110 bare-mux: Failed to get a ping response from the worker within 1.5s. Assuming port is dead.
index.mjs?v=3:110 bare-mux: Failed to get a ping response from the worker within 1.5s. Assuming port is dead.
index.mjs?v=3:110 bare-mux: Failed to get a ping response from the worker within 1.5s. Assuming port is dead.
index.mjs?v=3:110 bare-mux: Failed to get a ping response from the worker within 1.5s. Assuming port is dead.
index.mjs?v=3:110 bare-mux: Failed to get a ping response from the worker within 1.5s. Assuming port is dead.
index.mjs?v=3:110 bare-mux: Failed to get a ping response from the worker within 1.5s. Assuming port is dead.
index.mjs?v=3:110 bare-mux: Failed to get a ping response from the worker within 1.5s. Assuming port is dead.
index.mjs?v=3:110 bare-mux: Failed to get a ping response from the worker within 1.5s. Assuming port is dead.
index.mjs?v=3:110 bare-mux: Failed to get a ping response from the worker within 1.5s. Assuming port is dead.
index.mjs?v=3:110 bare-mux: Failed to get a ping response from the worker within 1.5s. Assuming port is dead.
index.mjs?v=3:110 bare-mux: Failed to get a ping response from the worker within 1.5s. Assuming port is dead.
index.mjs?v=3:110 bare-mux: Failed to get a ping response from the worker within 1.5s. Assuming port is dead.
index.mjs?v=3:110 bare-mux: Failed to get a ping response from the worker within 1.5s. Assuming port is dead.
index.mjs?v=3:110 bare-mux: Failed to get a ping response from the worker within 1.5s. Assuming port is dead.
index.mjs?v=3:110 bare-mux: Failed to get a ping response from the worker within 1.5s. Assuming port is dead.
index.mjs?v=3:110 bare-mux: Failed to get a ping response from the worker within 1.5s. Assuming port is dead.
index.mjs?v=3:110 bare-mux: Failed to get a ping response from the worker within 1.5s. Assuming port is dead.
index.mjs?v=3:110 bare-mux: Failed to get a ping response from the worker within 1.5s. Assuming port is dead.
index.mjs?v=3:110 bare-mux: Failed to get a ping response from the worker within 1.5s. Assuming port is dead.
index.mjs?v=3:110 bare-mux: Failed to get a ping response from the worker within 1.5s. Assuming port is dead.
index.mjs?v=3:110 bare-mux: Failed to get a ping response from the worker within 1.5s. Assuming port is dead.
index.mjs?v=3:110 bare-mux: Failed to get a ping response from the worker within 1.5s. Assuming port is dead.
index.mjs?v=3:110 bare-mux: Failed to get a ping response from the worker within 1.5s. Assuming port is dead.
index.mjs?v=3:110 bare-mux: Failed to get a ping response from the worker within 1.5s. Assuming port is dead.
index.mjs?v=3:110 bare-mux: Failed to get a ping response from the worker within 1.5s. Assuming port is dead.
index.mjs?v=3:110 bare-mux: Failed to get a ping response from the worker within 1.5s. Assuming port is dead.
index.mjs?v=3:110 bare-mux: Failed to get a ping response from the worker within 1.5s. Assuming port is dead.
index.mjs?v=3:110 bare-mux: Failed to get a ping response from the worker within 1.5s. Assuming port is dead.
index.mjs?v=3:110 bare-mux: Failed to get a ping response from the worker within 1.5s. Assuming port is dead.
index.mjs?v=3:110 bare-mux: Failed to get a ping response from the worker within 1.5s. Assuming port is dead.
index.mjs?v=3:110 bare-mux: Failed to get a ping response from the worker within 1.5s. Assuming port is dead.
index.mjs?v=3:110 bare-mux: Failed to get a ping response from the worker within 1.5s. Assuming port is dead.
index.mjs?v=3:110 bare-mux: Failed to get a ping response from the worker within 1.5s. Assuming port is dead.
index.mjs?v=3:110 bare-mux: Failed to get a ping response from the worker within 1.5s. Assuming port is dead.
index.mjs?v=3:110 bare-mux: Failed to get a ping response from the worker within 1.5s. Assuming port is dead.
index.mjs?v=3:110 bare-mux: Failed to get a ping response from the worker within 1.5s. Assuming port is dead.
index.mjs?v=3:110 bare-mux: Failed to get a ping response from the worker within 1.5s. Assuming port is dead.
index.mjs?v=3:110 bare-mux: Failed to get a ping response from the worker within 1.5s. Assuming port is dead.
index.mjs?v=3:110 bare-mux: Failed to get a ping response from the worker within 1.5s. Assuming port is dead.
index.mjs?v=3:110 bare-mux: Failed to get a ping response from the worker within 1.5s. Assuming port is dead.
index.mjs?v=3:110 bare-mux: Failed to get a ping response from the worker within 1.5s. Assuming port is dead.
index.mjs?v=3:110 bare-mux: Failed to get a ping response from the worker within 1.5s. Assuming port is dead.
index.mjs?v=3:110 bare-mux: Failed to get a ping response from the worker within 1.5s. Assuming port is dead.
sendMessage	@	index.mjs?v=3:110
await in sendMessage		
sendMessage	@	index.mjs?v=3:112
await in sendMessage		
sendMessage	@	index.mjs?v=3:112
await in sendMessage		
sendMessage	@	index.mjs?v=3:112
await in sendMessage		
sendMessage	@	index.mjs?v=3:112
await in sendMessage		
sendMessage	@	index.mjs?v=3:112
await in sendMessage		
sendMessage